------------------------------------------------------------
TimeQuest Timing Analyzer Summary
------------------------------------------------------------

Type  : Slow 1100mV 85C Model Setup 'Clk'
Slack : -4.716
TNS   : -279.623

Type  : Slow 1100mV 85C Model Hold 'Clk'
Slack : 0.351
TNS   : 0.000

Type  : Slow 1100mV 85C Model Minimum Pulse Width 'Clk'
Slack : -0.394
TNS   : -39.370

Type  : Slow 1100mV 0C Model Setup 'Clk'
Slack : -4.729
TNS   : -279.019

Type  : Slow 1100mV 0C Model Hold 'Clk'
Slack : 0.336
TNS   : 0.000

Type  : Slow 1100mV 0C Model Minimum Pulse Width 'Clk'
Slack : -0.394
TNS   : -42.440

Type  : Fast 1100mV 85C Model Setup 'Clk'
Slack : -2.227
TNS   : -121.538

Type  : Fast 1100mV 85C Model Hold 'Clk'
Slack : 0.177
TNS   : 0.000

Type  : Fast 1100mV 85C Model Minimum Pulse Width 'Clk'
Slack : -0.091
TNS   : -6.480

Type  : Fast 1100mV 0C Model Setup 'Clk'
Slack : -2.016
TNS   : -108.183

Type  : Fast 1100mV 0C Model Hold 'Clk'
Slack : 0.169
TNS   : 0.000

Type  : Fast 1100mV 0C Model Minimum Pulse Width 'Clk'
Slack : -0.090
TNS   : -6.491

------------------------------------------------------------
